// Jest Snapshot v1, https://goo.gl/fbAQLP

exports[`Checking props 'isActiveLayout' with true value and displayed portal inside Layout 1`] = `
{
  "asFragment": [Function],
  "baseElement": <body>
    <div>
      <main
        class=" w-full grid grid-cols-[auto_1fr_auto_100px] grid-rows-[50px_50px_minmax(100px,300px)_auto] box-border gap-1"
        style="height: 100%;"
      >
        <aside
          class="col-start-1 col-end-1 row-start-1 row-end-5 min-w-[100px] 
                max-w-[300px] relative box-border border-2 border-orange-700"
          id="navbar_portal_id"
        >
          <div>
            Navbar
          </div>
        </aside>
        <article
          class="col-start-3 col-end-5  row-start-1 row-end-3 sticky top-0 z-50 relative box-border border-2 border-red-600"
          id="auth_navbar_portal_id"
        >
          <div>
            AuthNavbar
          </div>
        </article>
        <article
          class="col-start-2 col-end-5 row-start-3 row-end-5 z-0 box-border relative border-2 border-green-400"
          id="info_content_portal_id"
        >
          <div
            class="z-0"
          >
            <div>
              Button
            </div>
          </div>
          <div
            class="absolute top-0 bottom-0 right-0 left-0 z-50"
            data-testid="info-portal-test-id"
          >
            <div
              class="sticky top-[110px] h-[calc(100vh-110px)] flex items-center justify-center"
            >
              <div
                class="bg-red-300"
                style="width: 0px; height: 0px;"
              >
                <div>
                  Harry
                </div>
              </div>
            </div>
          </div>
        </article>
      </main>
    </div>
    <div />
  </body>,
  "container": <div>
    <main
      class=" w-full grid grid-cols-[auto_1fr_auto_100px] grid-rows-[50px_50px_minmax(100px,300px)_auto] box-border gap-1"
      style="height: 100%;"
    >
      <aside
        class="col-start-1 col-end-1 row-start-1 row-end-5 min-w-[100px] 
                max-w-[300px] relative box-border border-2 border-orange-700"
        id="navbar_portal_id"
      >
        <div>
          Navbar
        </div>
      </aside>
      <article
        class="col-start-3 col-end-5  row-start-1 row-end-3 sticky top-0 z-50 relative box-border border-2 border-red-600"
        id="auth_navbar_portal_id"
      >
        <div>
          AuthNavbar
        </div>
      </article>
      <article
        class="col-start-2 col-end-5 row-start-3 row-end-5 z-0 box-border relative border-2 border-green-400"
        id="info_content_portal_id"
      >
        <div
          class="z-0"
        >
          <div>
            Button
          </div>
        </div>
        <div
          class="absolute top-0 bottom-0 right-0 left-0 z-50"
          data-testid="info-portal-test-id"
        >
          <div
            class="sticky top-[110px] h-[calc(100vh-110px)] flex items-center justify-center"
          >
            <div
              class="bg-red-300"
              style="width: 0px; height: 0px;"
            >
              <div>
                Harry
              </div>
            </div>
          </div>
        </div>
      </article>
    </main>
  </div>,
  "debug": [Function],
  "findAllByAltText": [Function],
  "findAllByDisplayValue": [Function],
  "findAllByLabelText": [Function],
  "findAllByPlaceholderText": [Function],
  "findAllByRole": [Function],
  "findAllByTestId": [Function],
  "findAllByText": [Function],
  "findAllByTitle": [Function],
  "findByAltText": [Function],
  "findByDisplayValue": [Function],
  "findByLabelText": [Function],
  "findByPlaceholderText": [Function],
  "findByRole": [Function],
  "findByTestId": [Function],
  "findByText": [Function],
  "findByTitle": [Function],
  "getAllByAltText": [Function],
  "getAllByDisplayValue": [Function],
  "getAllByLabelText": [Function],
  "getAllByPlaceholderText": [Function],
  "getAllByRole": [Function],
  "getAllByTestId": [Function],
  "getAllByText": [Function],
  "getAllByTitle": [Function],
  "getByAltText": [Function],
  "getByDisplayValue": [Function],
  "getByLabelText": [Function],
  "getByPlaceholderText": [Function],
  "getByRole": [Function],
  "getByTestId": [Function],
  "getByText": [Function],
  "getByTitle": [Function],
  "queryAllByAltText": [Function],
  "queryAllByDisplayValue": [Function],
  "queryAllByLabelText": [Function],
  "queryAllByPlaceholderText": [Function],
  "queryAllByRole": [Function],
  "queryAllByTestId": [Function],
  "queryAllByText": [Function],
  "queryAllByTitle": [Function],
  "queryByAltText": [Function],
  "queryByDisplayValue": [Function],
  "queryByLabelText": [Function],
  "queryByPlaceholderText": [Function],
  "queryByRole": [Function],
  "queryByTestId": [Function],
  "queryByText": [Function],
  "queryByTitle": [Function],
  "rerender": [Function],
  "unmount": [Function],
}
`;
